1testrunner, ver. 1.6.0
ОТЛАДКА - 	Тип параметров Соответствие
ОТЛАДКА - 	параметр <ФайлПФР.ИмяФайла.НазваниеФормата> = <fb2>
ОТЛАДКА - 	Коллекция параметров пуста для <ФайлПФР.ИмяФайла.НазваниеПрограммы> 
ОТЛАДКА - 	параметр <ФайлПФР.ИмяФайла.НазваниеПрограммы> = <Соответствие>
ОТЛАДКА - 	параметр <ФайлПФР.ИмяФайла> = <Соответствие>
ОТЛАДКА - 	параметр <ФайлПФР.ТипФайла> = Массив.<2>
ОТЛАДКА - 	параметр <ФайлПФР.ТипФайла.0._КомментарийУзла> = < <Запрос/> >
ОТЛАДКА - 	параметр <ФайлПФР.ТипФайла.0.Запрос._АтрибутыУзла.name> = <Имя>
ОТЛАДКА - 	параметр <ФайлПФР.ТипФайла.0.Запрос._АтрибутыУзла.version> = <2.0>
ОТЛАДКА - 	параметр <ФайлПФР.ТипФайла.0.Запрос._АтрибутыУзла> = <Соответствие>
ОТЛАДКА - 	параметр <ФайлПФР.ТипФайла.0.Запрос> = <Соответствие>
ОТЛАДКА - 	параметр <ФайлПФР.ТипФайла.0.ОписаниеТиповФайла> = <Внешний>
ОТЛАДКА - 	параметр <ФайлПФР.ТипФайла.0> = <Соответствие>
ОТЛАДКА - 	параметр <ФайлПФР.ТипФайла.1.ОписаниеТиповФайла> = <Встроенный>
ОТЛАДКА - 	Коллекция параметров пуста для <ФайлПФР.ТипФайла.1.Запрос> 
ОТЛАДКА - 	параметр <ФайлПФР.ТипФайла.1.Запрос> = <Соответствие>
ОТЛАДКА - 	параметр <ФайлПФР.ТипФайла.1> = <Соответствие>
ОТЛАДКА - 	параметр <ФайлПФР.ТипФайла> = <Массив>
ОТЛАДКА - 	параметр <ФайлПФР> = <Соответствие>
ОТЛАДКА - 	параметр <> = <Соответствие>
---------------------------------------------------------
 
Тест №0: ТестДолжен_ПроверитьЧтениеXMLВСоответствие
 
ОШИБКА: Тест: <ТестДолжен_ПроверитьЧтениеXMLВСоответствие>
Файл: </Users/khorevaa/Documents/github/v8metadata-config/tests/ЧтениеXML_test.os> 
Сообщение: {Модуль /Users/khorevaa/Documents/github/v8metadata-config/tests/ЧтениеXML_test.os / Ошибка в строке: 41 / Значение не является значением объектного типа}    
	Утверждения.ПроверитьРавенство(Соотв["ФайлПФР"]["ИмяФайла"]["НазваниеФормата"]["_ЗначениеУзла"], "fb2", "Результат должен совпадать с ожиданиями.");
  
---------------------------------------------------------
 
Тест №1: ТестДолжен_ПроверитьЗаписьXMLИзСоответствия
 
ОШИБКА: Тест: <ТестДолжен_ПроверитьЗаписьXMLИзСоответствия>
Файл: </Users/khorevaa/Documents/github/v8metadata-config/tests/ЧтениеXML_test.os> 
Сообщение: {Модуль /Users/khorevaa/Documents/github/v8metadata-config/src/Классы/СериализацияДанныхXML.os / Ошибка в строке: 291 / Значение не является значением объектного типа}    
		ХранимоеЗначение.Добавить(СоответствиеУзла);
  
 
------------------------------------------------------------
                       Общая статистика                     
------------------------------------------------------------
 
Тестов пройдено: 0
 
Тестов не пройдено: 2
    * ТестДолжен_ПроверитьЧтениеXMLВСоответствие : </Users/khorevaa/Documents/github/v8metadata-config/tests/ЧтениеXML_test.os>
    * ТестДолжен_ПроверитьЗаписьXMLИзСоответствия : </Users/khorevaa/Documents/github/v8metadata-config/tests/ЧтениеXML_test.os>
 
Тестов не реализовано \ пропущено: 0
 
ОШИБКА: Есть непрошедшие тесты. Красная полоса
